[themexexpert.com/html/motonic/index.html]
[backblue.gif]
[fade.gif]
[index.html]
[themexexpert.com/html/motonic/assets/css/themify-icons.css]
[themexexpert.com/html/motonic/assets/css/font-awesome.min.css]
[themexexpert.com/html/motonic/assets/css/flaticon.css]
[themexexpert.com/html/motonic/assets/css/bootstrap.min.css]
[themexexpert.com/html/motonic/assets/css/animate.css]
[themexexpert.com/html/motonic/assets/css/owl.carousel.css]
[themexexpert.com/html/motonic/assets/css/owl.theme.css]
[themexexpert.com/html/motonic/assets/css/slick.css]
[themexexpert.com/html/motonic/assets/css/slick-theme.css]
[themexexpert.com/html/motonic/assets/css/owl.transitions.css]
[themexexpert.com/html/motonic/assets/css/jquery.fancybox.css]
[themexexpert.com/html/motonic/assets/css/odometer-theme-default.css]
[themexexpert.com/html/motonic/assets/css/jquery.bxslider.min.css]
[themexexpert.com/html/motonic/assets/css/style.css]
[themexexpert.com/html/motonic/assets/css/responsive.css]
[themexexpert.com/html/motonic/index-2.html]
[themexexpert.com/html/motonic/assets/images/logo.png]
[themexexpert.com/html/motonic/index-3.html]
[themexexpert.com/html/motonic/index-4.html]
[themexexpert.com/html/motonic/about.html]
[themexexpert.com/html/motonic/services.html]
[themexexpert.com/html/motonic/service-details.html]
[themexexpert.com/html/motonic/Pricing.html]
[themexexpert.com/html/motonic/team.html]
[themexexpert.com/html/motonic/testimonials.html]
[themexexpert.com/html/motonic/404.html]
[themexexpert.com/html/motonic/blog.html]
[themexexpert.com/html/motonic/blog-grid.html]
[themexexpert.com/html/motonic/blog-details.html]
[themexexpert.com/html/motonic/contact.html]
[themexexpert.com/html/motonic/assets/images/about/about-pic.png]
[themexexpert.com/html/motonic/assets/images/team/img-1.jpg]
[themexexpert.com/html/motonic/assets/images/team/img-2.jpg]
[themexexpert.com/html/motonic/assets/images/team/img-3.jpg]
[themexexpert.com/html/motonic/assets/images/blog/img-1.jpg]
[themexexpert.com/html/motonic/assets/images/blog/img-2.jpg]
[themexexpert.com/html/motonic/assets/images/contact/img-1.png]
[themexexpert.com/html/motonic/assets/images/gift/2.png]
[themexexpert.com/html/motonic/assets/images/gift/4.png]
[themexexpert.com/html/motonic/assets/images/gift/5.png]
[themexexpert.com/html/motonic/assets/images/footer/img-1.jpg]
[themexexpert.com/html/motonic/assets/images/footer/img-2.jpg]
[themexexpert.com/html/motonic/assets/js/jquery.min.js]
[themexexpert.com/html/motonic/assets/js/bootstrap.min.js]
[themexexpert.com/html/motonic/assets/js/jquery-plugin-collection.js]
[themexexpert.com/html/motonic/assets/js/script.js]
[themexexpert.com/html/motonic/index.html]
[themexexpert.com/html/motonic/assets/fonts/themify9f24.eot]
[themexexpert.com/html/motonic/assets/fonts/themifyd41d.eot]
[themexexpert.com/html/motonic/assets/fonts/themify9f24.woff]
[themexexpert.com/html/motonic/assets/css/themify-icons.css]
[themexexpert.com/html/motonic/assets/fonts/themify9f24.svg]
[themexexpert.com/html/motonic/assets/fonts/fontawesome-webfont5b62.eot]
[themexexpert.com/html/motonic/assets/fonts/fontawesome-webfontd41d.eot]
[themexexpert.com/html/motonic/assets/fonts/fontawesome-webfont5b62.woff]
[themexexpert.com/html/motonic/assets/fonts/fontawesome-webfont5b62.ttf]
[themexexpert.com/html/motonic/assets/css/font-awesome.min.css]
[themexexpert.com/html/motonic/assets/fonts/Flaticon.eot]
[themexexpert.com/html/motonic/assets/fonts/Flaticon.woff]
[themexexpert.com/html/motonic/assets/fonts/Flaticon.ttf]
[themexexpert.com/html/motonic/assets/css/flaticon.css]
[themexexpert.com/html/motonic/assets/fonts/glyphicons-halflings-regular.eot]
[themexexpert.com/html/motonic/assets/fonts/glyphicons-halflings-regular.woff2]
[themexexpert.com/html/motonic/assets/fonts/glyphicons-halflings-regulard41d.eot]
[themexexpert.com/html/motonic/assets/fonts/glyphicons-halflings-regular.woff]
[themexexpert.com/html/motonic/assets/fonts/glyphicons-halflings-regular.ttf]
[themexexpert.com/html/motonic/assets/fonts/glyphicons-halflings-regular.svg]
[themexexpert.com/html/motonic/assets/css/bootstrap.min.css]
[themexexpert.com/html/motonic/assets/css/animate.css]
[themexexpert.com/html/motonic/assets/css/owl.video.play.png]
[themexexpert.com/html/motonic/assets/css/owl.carousel.css]
[themexexpert.com/html/motonic/assets/css/owl.theme.css]
[themexexpert.com/html/motonic/assets/css/slick.css]
[themexexpert.com/html/motonic/assets/images/ajax-loader.gif]
[themexexpert.com/html/motonic/assets/fonts/slick.eot]
[themexexpert.com/html/motonic/assets/fonts/slick.woff]
[themexexpert.com/html/motonic/assets/fonts/slickd41d.eot]
[themexexpert.com/html/motonic/assets/fonts/slick.ttf]
[themexexpert.com/html/motonic/assets/fonts/slick.svg]
[themexexpert.com/html/motonic/assets/css/slick-theme.css]
[themexexpert.com/html/motonic/assets/css/owl.transitions.css]
[themexexpert.com/html/motonic/assets/images/fancybox/fancybox_sprite.png]
[themexexpert.com/html/motonic/assets/images/fancybox/blank.gif]
[themexexpert.com/html/motonic/assets/images/fancybox/fancybox_overlay.png]
[themexexpert.com/html/motonic/assets/images/fancybox/fancybox_sprite@2x.png]
[themexexpert.com/html/motonic/assets/images/fancybox/fancybox_loading@2x.gif]
[themexexpert.com/html/motonic/assets/css/jquery.fancybox.css]
[themexexpert.com/html/motonic/assets/css/odometer-theme-default.css]
[themexexpert.com/html/motonic/assets/images/bx_loader.gif]
[themexexpert.com/html/motonic/assets/images/controls.55.delayed]
[themexexpert.com/html/motonic/assets/css/images/controls.png]
[themexexpert.com/html/motonic/assets/css/jquery.bxslider.min.css]
[themexexpert.com/html/motonic/assets/images/select-icon.png]
[themexexpert.com/html/motonic/assets/images/page-title.jpg]
[themexexpert.com/html/motonic/assets/images/service-sidebar-widget-title-bg.png]
[themexexpert.com/html/motonic/assets/images/service-sidebar-widget-contact-bg.jpg]
[themexexpert.com/html/motonic/assets/images/slider/hero-shape-1.png]
[themexexpert.com/html/motonic/assets/images/slider/img-1.jpg]
[themexexpert.com/html/motonic/assets/images/slider/hero.png]
[themexexpert.com/html/motonic/assets/images/slider/hero-image-2.png]
[themexexpert.com/html/motonic/assets/images/about/about-shape.png]
[themexexpert.com/html/motonic/assets/images/blog/quote.png]
[themexexpert.com/html/motonic/assets/css/style.css]
[themexexpert.com/html/motonic/assets/css/responsive.css]
[themexexpert.com/html/motonic/index-2.html]
[themexexpert.com/html/motonic/assets/images/about/about.jpg]
[themexexpert.com/html/motonic/index-3.html]
[themexexpert.com/html/motonic/assets/images/about/about-pic-2.png]
[themexexpert.com/html/motonic/index-4.html]
[themexexpert.com/html/motonic/about.html]
[themexexpert.com/html/motonic/services.html]
[themexexpert.com/html/motonic/assets/images/service-details/img-3.jpg]
[themexexpert.com/html/motonic/assets/images/service-details/img-1.jpg]
[themexexpert.com/html/motonic/service-details.html]
[themexexpert.com/html/motonic/Pricing.html]
[themexexpert.com/html/motonic/team.html]
[themexexpert.com/html/motonic/testimonials.html]
[themexexpert.com/html/motonic/assets/images/404.png]
[themexexpert.com/html/motonic/404.html]
[themexexpert.com/html/motonic/assets/images/blog/img-7.jpg]
[themexexpert.com/html/motonic/assets/images/blog/img-8.jpg]
[themexexpert.com/html/motonic/assets/images/blog/img-9.jpg]
[themexexpert.com/html/motonic/assets/images/blog/img-10.jpg]
[themexexpert.com/html/motonic/assets/images/recent-posts/img-1.jpg]
[themexexpert.com/html/motonic/assets/images/recent-posts/img-2.jpg]
[themexexpert.com/html/motonic/assets/images/recent-posts/img-3.jpg]
[themexexpert.com/html/motonic/blog.html]
[themexexpert.com/html/motonic/assets/images/blog/img-4.jpg]
[themexexpert.com/html/motonic/assets/images/blog/img-5.jpg]
[themexexpert.com/html/motonic/assets/images/blog/img-6.jpg]
[themexexpert.com/html/motonic/blog-grid.html]
[themexexpert.com/html/motonic/assets/images/blog-details/comments-author/img-1.jpg]
[themexexpert.com/html/motonic/assets/images/blog-details/comments-author/img-2.jpg]
[themexexpert.com/html/motonic/assets/images/blog-details/comments-author/img-3.jpg]
[themexexpert.com/html/motonic/blog-details.html]
[themexexpert.com/html/motonic/contact.html]
[themexexpert.com/html/motonic/assets/images/pricing/img-1.png]
[themexexpert.com/html/motonic/assets/images/team/img-4.jpg]
[themexexpert.com/html/motonic/assets/images/blog/author.jpg]
[themexexpert.com/html/motonic/assets/images/blog/img-3.jpg]
[themexexpert.com/html/motonic/assets/images/gift/3.png]
[themexexpert.com/html/motonic/assets/js/jquery.min.js]
[themexexpert.com/html/motonic/Popover requires tooltip.js]
[themexexpert.com/html/motonic/assets/js/bootstrap.min.js]
[themexexpert.com/hqdefault.jpg]
[themexexpert.com/html/motonic/assets/js/jquery-plugin-collection.js]
[themexexpert.com/html/motonic/assets/js/script.js]
[themexexpert.com/html/motonic/assets/fonts/themify9f24.ttf]
[themexexpert.com/html/motonic/assets/fonts/themify9f24.svg]
[themexexpert.com/html/motonic/assets/fonts/Flaticond41d.eot]
[themexexpert.com/html/motonic/assets/fonts/Flaticon.svg]
[themexexpert.com/html/motonic/assets/fonts/glyphicons-halflings-regular.svg]
[themexexpert.com/html/motonic/assets/css/owl.video.play.html]
[themexexpert.com/html/motonic/assets/fonts/slick.svg]
[themexexpert.com/html/motonic/assets/images/controls.html]
[themexexpert.com/html/motonic/assets/css/images/controls.html]
[themexexpert.com/html/motonic/assets/images/service-sidebar-widget-title-bg.html]
[themexexpert.com/html/motonic/assets/images/service-sidebar-widget-contact-bg.html]
[themexexpert.com/html/motonic/assets/images/fancybox/fancybox_loading.gif]
[themexexpert.com/html/motonic/assets/images/slider/hero-image-1.png]
[themexexpert.com/html/motonic/assets/images/testimonial/2.jpg]
[themexexpert.com/html/motonic/0]
[themexexpert.com/html/motonic/assets/images/contact/img-2.png]
[themexexpert.com/html/motonic/Popover requires tooltip.html]
[themexexpert.com/hqdefault.html]
[themexexpert.com/html/motonic/assets/fonts/Flaticon.svg]
[themexexpert.com/html/motonic/assets/fonts/fontawesome-webfont5b62.svg]
[themexexpert.com/html/motonic/0]
[themexexpert.com/html/motonic/assets/fonts/fontawesome-webfont5b62.woff2]
[themexexpert.com/html/motonic/assets/fonts/fontawesome-webfont5b62.svg]
[themexexpert.com/html/motonic/assets/images/blog-details/author.jpg]
